// Jest Snapshot v1, https://goo.gl/fbAQLP

exports[`TextInput Component Should render correctly 1`] = `
<div
  className={undefined}
>
  <label
    htmlFor="lessonName"
  />
  <input
    className={undefined}
    defaultValue={undefined}
    id={undefined}
    onBlur={undefined}
    onChange={undefined}
    type="text"
    value={undefined}
  />
</div>
`;
